// Jest Snapshot v1, https://goo.gl/fbAQLP

exports[`Snapshot render Logo 1`] = `<styled.div />`;
