// Jest Snapshot v1, https://goo.gl/fbAQLP

exports[`Snapshot render Spinner 1`] = `
<div
  className="sc-bdVaJa kqwzz"
/>
`;
